Start time: 2024-08-16 14:23:55
Loading Anaconda module...
Activating conda environment...
Conda environment:
# conda environments:
#
base                     /apps/anaconda3/2024.02-1
AI                       /home/mqa887/.conda/envs/AI
myvm                  *  /home/mqa887/.conda/envs/myvm

GPU information:
Fri Aug 16 14:23:56 2024       
+---------------------------------------------------------------------------------------+
| NVIDIA-SMI 545.23.08              Driver Version: 545.23.08    CUDA Version: 12.3     |
|-----------------------------------------+----------------------+----------------------+
| GPU  Name                 Persistence-M | Bus-Id        Disp.A | Volatile Uncorr. ECC |
| Fan  Temp   Perf          Pwr:Usage/Cap |         Memory-Usage | GPU-Util  Compute M. |
|                                         |                      |               MIG M. |
|=========================================+======================+======================|
|   0  Tesla V100S-PCIE-32GB          On  | 00000000:3B:00.0 Off |                  Off |
| N/A   26C    P0              24W / 250W |      4MiB / 32768MiB |      0%      Default |
|                                         |                      |                  N/A |
+-----------------------------------------+----------------------+----------------------+
|   1  Tesla V100S-PCIE-32GB          On  | 00000000:D8:00.0 Off |                  Off |
| N/A   28C    P0              24W / 250W |      0MiB / 32768MiB |      0%      Default |
|                                         |                      |                  N/A |
+-----------------------------------------+----------------------+----------------------+
                                                                                         
+---------------------------------------------------------------------------------------+
| Processes:                                                                            |
|  GPU   GI   CI        PID   Type   Process name                            GPU Memory |
|        ID   ID                                                             Usage      |
|=======================================================================================|
|  No running processes found                                                           |
+---------------------------------------------------------------------------------------+
Running PyTorch CNN script...
Using device: cuda
Downloading http://ai.stanford.edu/~acoates/stl10/stl10_binary.tar.gz to ./data/stl10_binary.tar.gz
Extracting ./data/stl10_binary.tar.gz to ./data
Files already downloaded and verified
Finished Training
Accuracy on test set: 57.075%
Model saved as stl10_cnn.pth
End time: 2024-08-16 15:11:58
